<html data-reactroot=""><head><title>Test file</title><meta name="litsrc" value="/basic.lit"/><meta name="litroot" value="."/><meta name="viewport" content="width=device-width, initial-scale=1, maximum-scale=1, user-scalable=0"/><link rel="stylesheet" href="style.css"/></head><body><div id="lit-app"><div id="lit-header"><menu class="horizontal open has-children"><li class="MenuTitle"><a href=".">Home</a></li><li class="MenuItems"><menu class="has-children" disabled=""><li class="MenuTitle">File</li></menu><menu class="has-children" disabled=""><li class="MenuTitle">Cell</li></menu><menu class="has-children" disabled=""><li class="MenuTitle">Section</li></menu><menu class="has-children" disabled=""><li class="MenuTitle">Help</li></menu><menu class="has-children right"><li class="MenuTitle"><span class="led led-grey"></span><span class="led led-grey"></span><span class="led led-grey"></span></li></menu></li></menu></div><div id="content"><section id="test-file" depth="1" class="" startpos="1:1-0" endpos="23:13-297"><div startpos="1:1-0" endpos="11:24-163" class="cell"><div class="cell-content"><h1>Test file</h1><p>This is a <em>simple</em> <code>.lit</code> file really its just <em>Markdown</em><sup id="fnref-0"><a class="footnote-ref" href="#fn-0">0</a></sup>.</p><ul class="contains-task-list">
<li class="task-list-item">
<p><input type="checkbox" disabled=""/> <!-- -->with a list</p>
</li>
<li class="task-list-item">
<p><input type="checkbox" checked="" disabled=""/> <!-- -->of things</p>
</li>
<li>
<p><a class="local" href="todo.html" title="todo" wikilink="true" filepath="/basic.lit" root="" data="[object Object]" canonical="/todo.lit">todo</a></p>
<p>Code block?</p>
</li>
</ul><blockquote>
<p>block quote -- author</p>
</blockquote></div></div><div startpos="13:1-165" endpos="15:4-203" class="code   cell"><div class="cell-content"><div class="lang- local codecell"><span class="meta"><span class="lang"></span></span><pre><code class="plaintext">fenced code block with no meta
</code></pre></div></div></div><div startpos="17:1-205" endpos="21:4-283" class="code   cell"><div class="cell-content"><div class="lang-js local codecell"><span class="meta"><span class="lang">js</span><span class="output">&gt; json !below exec=onload</span></span><pre><code class="js">return JSON.stringify({
    test: &#x27;ok&#x27;,
})
</code></pre></div></div></div><div startpos="23:1-285" endpos="23:13-297" class="cell"><div class="cell-content"></div></div></section>
<div class="footnotes">
<hr/>
<ol>
<li id="fn-0">Mostly<a class="footnote-backref" href="#fnref-0">â†©</a></li>
</ol>
</div></div></div><div id="backlinks"></div><script src="//cdn.jsdelivr.net/npm/eruda"></script><script>eruda.init();</script><script async="" src="web.bundle.js"></script></body></html>